// Jest Snapshot v1, https://goo.gl/fbAQLP

exports[`<FieldInput> FieldInput - functionalities:  renders without crashing 1`] = `ShallowWrapper {}`;

exports[`<FieldInput> renders without crashing 1`] = `ShallowWrapper {}`;
